---
source: tests/frames.rs
expression: "frame(\"<enter>d\")"
---
 gh  │  ● marasanz (personal) [a]  │  marasanz / tuikit › Pull Requests › #217 › diff                                                        gh · live  ?  help 
────────────────────────────────────────────────────────────────────────────────────────────────────────────────────────────────────────────────────────────────
 FILES CHANGED                        │ src/layout/solver.rs                                 1 hunks · fix/sidebar-clamp → main  ▤ unified [s]  ○ ignore ws [w] 
──────────────────────────────────────│─────────────────────────────────────────────────────────────────────────────────────────────────────────────────────────
▌ src/layout/solver.rs        +64 -18 │              @@ -18,7 +18,9 @@ fn solve(area: Rect) -> Layout {                                                         
  src/layout/mod.rs            +12 -4 │    18    18        let total = area.width;                                                                              
  tests/layout.rs               +7 -0 │    19        -     let side = total / 4;                                                                                
  CHANGELOG.md                  +0 -0 │          19  +     let side = (total / 4).max(MIN_SIDEBAR);                                                             
                                      │          20  +     debug_assert!(side <= total);                                                                        
                                      │    20    21        let body = total - side;                                                                             
                                      │                                                                                                                         
                                      │                                                                                                                         
                                      │                                                                                                                         
                                      │                                                                                                                         
                                      │                                                                                                                         
                                      │                                                                                                                         
                                      │                                                                                                                         
                                      │                                                                                                                         
                                      │                                                                                                                         
                                      │                                                                                                                         
                                      │                                                                                                                         
                                      │                                                                                                                         
                                      │                                                                                                                         
                                      │                                                                                                                         
                                      │                                                                                                                         
                                      │                                                                                                                         
                                      │                                                                                                                         
                                      │                                                                                                                         
                                      │                                                                                                                         
                                      │                                                                                                                         
                                      │                                                                                                                         
                                      │                                                                                                                         
                                      │                                                                                                                         
                                      │                                                                                                                         
                                      │                                                                                                                         
                                      │                                                                                                                         
                                      │                                                                                                                         
                                      │                                                                                                                         
                                      │                                                                                                                         
                                      │                                                                                                                         
──────────────────────────────────────│                                                                                                                         
 4 files changed · +12 -3             │                                                                                                                         
────────────────────────────────────────────────────────────────────────────────────────────────────────────────────────────────────────────────────────────────
  DIFF   j/k file · enter/l diff · s split · w ignore ws · esc back                                                                        1/4  marasanz/tuikit
