---
source: tests/frames.rs
expression: "frame(\"\")"
---
 gh  │  ● marasanz (personal) [a]  │  marasanz / tuikit › Pull Requests                                                                      gh · live  ?  help 
────────────────────────────────────────────────────────────────────────────────────────────────────────────────────────────────────────────────────────────────
  1 Issues 12    2 Pull Requests 4    3 Actions    4 Files    5 Agents                                                                  12 items · / to filter  
────────────────────────────────────────────────────────────────────────────────────────────────────────────────────────────────────────────────────────────────
▌ ⇅ #217   fix(layout): clamp the sidebar to a minimum width [bug]                                                                              open  ✗ checks  
▌          fix/sidebar-clamp · marasanz · +12/-3 · 4 files · 26m ago                                                                                            
  ⇅ #214   feat(finder): rank by subsequence, not prefix [feature]                                                                              open  ✓ checks  
           feat/fuzzy-rank · kdev · +29/-8 · 2 files · 3h ago                                                                                                   
  ⇅ #212   perf(render): reuse the cell buffer between frames [chore]                                                                           open  ✓ checks  
           perf/reuse-buffer · sofi · +46/-13 · 3 files · 5h ago                                                                                                
  ⑂ #211   wip: split the reducer by view [chore]                                                                                              draft  ○ checks  
           wip/split-reducer · tsuki · +63/-18 · 4 files · 6h ago                                                                                               
  ⑃ #209   chore: drop the unused ansi crate [chore]                                                                                          merged  ✓ checks  
           chore/deps · tsuki · +80/-23 · 1 files · 2d ago                                                                                                      
  ⇅ #207   fix(logs): keep the filter across a job change [bug]                                                                                 open  ✓ checks  
           fix/log-filter · lmoreno · +97/-28 · 2 files · 2d ago                                                                                                
  ⇅ #205   feat(diff): word-level highlighting [feature]                                                                                        open  ◐ checks  
           feat/word-diff · kdev · +114/-33 · 3 files · 3d ago                                                                                                  
  ⇅ #202   docs: write down the key map [docs]                                                                                                  open  ✓ checks  
           docs/keymap · marasanz · +131/-38 · 4 files · 4d ago                                                                                                 
  ⇅ #199   fix(finder): do not steal the escape key [bug]                                                                                       open  ✗ checks  
           fix/finder-esc · sofi · +148/-43 · 1 files · 5d ago                                                                                                  
  ⇅ #196   test: golden frames for the narrow layout [chore]                                                                                    open  ✓ checks  
           test/narrow · tsuki · +165/-48 · 2 files · 6d ago                                                                                                    
  ⇅ #193   refactor: move theming out of the model [chore]                                                                                      open  ✓ checks  
           refactor/theme · kdev · +182/-53 · 3 files · 1w ago                                                                                                  
  ⇅ #189   build: pin the toolchain [chore]                                                                                                   closed  ✓ checks  
           build/pin · marasanz · +199/-58 · 4 files · 2w ago                                                                                                   
                                                                                                                                                                
                                                                                                                                                                
                                                                                                                                                                
                                                                                                                                                                
                                                                                                                                                                
                                                                                                                                                                
                                                                                                                                                                
                                                                                                                                                                
                                                                                                                                                                
                                                                                                                                                                
                                                                                                                                                                
                                                                                                                                                                
                                                                                                                                                                
                                                                                                                                                                
────────────────────────────────────────────────────────────────────────────────────────────────────────────────────────────────────────────────────────────────
  NORMAL   j/k move · b repos · enter open · 1/2/3 tabs · / filter · d diff · m merge · c close · D branch                                1/12  marasanz/tuikit
