---
source: tests/frames.rs
expression: "frame(\"4\")"
---
 gh  │  ● marasanz (personal) [a]  │  marasanz / tuikit › Files                                                                   synced 3s ago · idle  ?  help 
────────────────────────────────────────────────────────────────────────────────────────────────────────────────────────────────────────────────────────────────
  1 Issues 12    2 Pull Requests 4    3 Actions    4 Files    5 Agents                                                                   0 items · / to filter  
────────────────────────────────────────────────────────────────────────────────────────────────────────────────────────────────────────────────────────────────
 FILES                                  0 │                                                                                                           x → agent 
──────────────────────────────────────────│  select a file to read it                                                                                           
  no files                                │                                                                                                                     
                                          │                                                                                                                     
                                          │                                                                                                                     
                                          │                                                                                                                     
                                          │                                                                                                                     
                                          │                                                                                                                     
                                          │                                                                                                                     
                                          │                                                                                                                     
                                          │                                                                                                                     
                                          │                                                                                                                     
                                          │                                                                                                                     
                                          │                                                                                                                     
                                          │                                                                                                                     
                                          │                                                                                                                     
                                          │                                                                                                                     
                                          │                                                                                                                     
                                          │                                                                                                                     
                                          │                                                                                                                     
                                          │                                                                                                                     
                                          │                                                                                                                     
                                          │                                                                                                                     
                                          │                                                                                                                     
                                          │                                                                                                                     
                                          │                                                                                                                     
                                          │                                                                                                                     
                                          │                                                                                                                     
                                          │                                                                                                                     
                                          │                                                                                                                     
                                          │                                                                                                                     
                                          │                                                                                                                     
                                          │                                                                                                                     
                                          │                                                                                                                     
                                          │                                                                                                                     
                                          │                                                                                                                     
                                          │                                                                                                                     
                                          │                                                                                                                     
────────────────────────────────────────────────────────────────────────────────────────────────────────────────────────────────────────────────────────────────
  NORMAL   j/k move · o/enter fold · l read · / find · E edit · x send                                                                     0/0  marasanz/tuikit
