---
source: tests/frames.rs
expression: "frame(\"5\")"
---
 gh  │  ● ada-example (personal) [a]  │  ada-example / tuikit › Agents                                                                       gh · live  ?  help 
────────────────────────────────────────────────────────────────────────────────────────────────────────────────────────────────────────────────────────────────
  1 Issues 12    2 Pull Requests 4    3 Actions    4 Files    5 Agents                                                                   0 items · / to filter  
────────────────────────────────────────────────────────────────────────────────────────────────────────────────────────────────────────────────────────────────
                                                                                                                                                                
   no agents running · start one in herdr, or dispatch an issue with x                                                                                          
                                                                                                                                                                
                                                                                                                                                                
                                                                                                                                                                
                                                                                                                                                                
                                                                                                                                                                
                                                                                                                                                                
                                                                                                                                                                
                                                                                                                                                                
                                                                                                                                                                
                                                                                                                                                                
                                                                                                                                                                
                                                                                                                                                                
                                                                                                                                                                
                                                                                                                                                                
                                                                                                                                                                
                                                                                                                                                                
                                                                                                                                                                
                                                                                                                                                                
                                                                                                                                                                
                                                                                                                                                                
                                                                                                                                                                
                                                                                                                                                                
                                                                                                                                                                
                                                                                                                                                                
                                                                                                                                                                
                                                                                                                                                                
                                                                                                                                                                
                                                                                                                                                                
                                                                                                                                                                
                                                                                                                                                                
                                                                                                                                                                
                                                                                                                                                                
                                                                                                                                                                
                                                                                                                                                                
                                                                                                                                                                
                                                                                                                                                                
────────────────────────────────────────────────────────────────────────────────────────────────────────────────────────────────────────────────────────────────
  NORMAL   j/k agent · 1-5 tabs · / filter · r refresh                                                                                  0/0  ada-example/tuikit
